[jdavid.fr/projets-stage/Otletsphere/otletosphere.html]
[backblue.gif]
[fade.gif]
[index.html]
[cdnjs.cloudflare.com/ajax/libs/tabletop.js/1.5.1/tabletop.min.js]
[ajax.googleapis.com/ajax/libs/jquery/3.3.1/jquery.min.js]
[jdavid.fr/projets-stage/Otletsphere/togglers.js]
[jdavid.fr/projets-stage/Otletsphere/style2.css]
[jdavid.fr/projets-stage/Otletsphere/vis-network.min.css]
[jdavid.fr/projets-stage/Otletsphere/liste.html]
[jdavid.fr/projets-stage/Otletsphere/about.html]
[jdavid.fr/projets-stage/Otletsphere/img/blank.png]
[jdavid.fr/projets-stage/Otletsphere/img/logoanr.png]
[jdavid.fr/projets-stage/Otletsphere/nodesOtlet.js]
[jdavid.fr/projets-stage/Otletsphere/edgesOtlet.js]
[jdavid.fr/projets-stage/Otletsphere/dataLoader.js]
[jdavid.fr/projets-stage/Otletsphere/traductions.js]
[jdavid.fr/projets-stage/Otletsphere/otletosphere.html]
[jdavid.fr/projets-stage/Otletsphere/vis.js]
[jdavid.fr/projets-stage/Otletsphere/style2.css]
[jdavid.fr/projets-stage/Otletsphere/img/network/cross.png]
[jdavid.fr/projets-stage/Otletsphere/img/network/backIcon.png]
[jdavid.fr/projets-stage/Otletsphere/img/network/addNodeIcon.png]
[jdavid.fr/projets-stage/Otletsphere/img/network/editIcon.png]
[jdavid.fr/projets-stage/Otletsphere/img/network/connectIcon.png]
[jdavid.fr/projets-stage/Otletsphere/img/network/deleteIcon.png]
[jdavid.fr/projets-stage/Otletsphere/img/network/upArrow.png]
[jdavid.fr/projets-stage/Otletsphere/img/network/downArrow.png]
[jdavid.fr/projets-stage/Otletsphere/img/network/leftArrow.png]
[jdavid.fr/projets-stage/Otletsphere/img/network/rightArrow.png]
[jdavid.fr/projets-stage/Otletsphere/img/network/plus.png]
[jdavid.fr/projets-stage/Otletsphere/img/network/minus.png]
[jdavid.fr/projets-stage/Otletsphere/img/network/zoomExtends.png]
[jdavid.fr/projets-stage/Otletsphere/vis-network.min.css]
[jdavid.fr/projets-stage/Otletsphere/togglersList.js]
[jdavid.fr/projets-stage/Otletsphere/liste.html]
[jdavid.fr/projets-stage/Otletsphere/img/largeotlet.jpg]
[jdavid.fr/projets-stage/Otletsphere/about.html]
